Last login: Mon Mar 20 11:24:09 on ttys000
jsh%                                                                            (base) ramaialejandria@Ramais-iMac ~ % jshell
|  Welcome to JShell -- Version 17.0.2
|  For an introduction type: /help intro

jshell> public void walk1() {}
|  created method walk1()

jshell> default void walk2 () {}
|  Error:
|  Modifier 'default' not permitted
|  default void walk2 () {}
|  ^-----^

jshell> void public walk3() {}
|  Error:
|  illegal start of expression
|  void public walk3() {}
|  ^--^
|  Error:
|  ';' expected
|  void public walk3() {}
|      ^
|  Error:
|  illegal start of expression
|  void public walk3() {}
|       ^
|  Error:
|  invalid method declaration; return type required
|  void public walk3() {}
|              ^
|  Error:
|  illegal start of type
|  void public walk3() {}
|                        ^
|  Error:
|  class, interface, enum, or record expected
|  void public walk3() {}
|  ^--------------------^

jshell> void walk4() {}
|  created method walk4()

jshell> public void final go() {}
|  Error:
|  illegal start of expression
|  public void final go() {}
|         ^--^
|  Error:
|  ';' expected
|  public void final go() {}
|             ^
|  Error:
|  <identifier> expected
|  public void final go() {}
|                      ^
|  Error:
|  cannot find symbol
|    symbol:   class go
|  public void final go() {}
|                    ^^

jshell> public final void go() {}
|  created method go()

jshell> public void walk1() {}
|  modified method walk1()

jshell> public final void walk2() {}
|  created method walk2()

jshell> public static final void walk3 () {}
|  created method walk3()

jshell> public final static void walk4 () {}
|  replaced method walk4()

jshell> public modifier void walk5() {}
|  Error:
|  ';' expected
|  public modifier void walk5() {}
|                 ^
|  Error:
|  illegal start of expression
|  public modifier void walk5() {}
|                  ^--^
|  Error:
|  ';' expected
|  public modifier void walk5() {}
|                            ^
|  Error:
|  cannot find symbol
|    symbol:   variable modifier
|  public modifier void walk5() {}
|         ^------^
|  Error:
|  unreachable statement
|  public modifier void walk5() {}
|                  ^--------^

jshell> public void final walk6 () {}
|  Error:
|  illegal start of expression
|  public void final walk6 () {}
|         ^--^
|  Error:
|  ';' expected
|  public void final walk6 () {}
|             ^
|  Error:
|  <identifier> expected
|  public void final walk6 () {}
|                         ^
|  Error:
|  cannot find symbol
|    symbol:   class walk6
|  public void final walk6 () {}
|                    ^---^

jshell> final public void walk7 () {}
|  created method walk7()

jshell> public void run1() {}
|  created method run1()

jshell> public void run2 () {return;}
|  created method run2()

jshell> public String run3 () {return "";}
|  created method run3()

jshell> public String run4 () {}
|  Error:
|  missing return statement
|  public String run4 () {}
|                        ^^

jshell> public run5  () {}
|  Error:
|  ';' expected
|  public run5  () {}
|                 ^
|  Error:
|  cannot find symbol
|    symbol:   method run5()
|  public run5  () {}
|         ^--^

jshell> String walk6 (int a) {if (a == 4) return "";}
|  Error:
|  missing return statement
|  String walk6 (int a) {if (a == 4) return "";}
|                       ^----------------------^

jshell> int integer () { return 9;}
|  created method integer()

jshell> int long () { return 9L;}
|  Error:
|  '.class' expected
|  int long () { return 9L;}
|      ^
|  Error:
|  ';' expected
|  int long () { return 9L;}
|          ^
|  Error:
|  unexpected type
|    required: value
|    found:    class
|  int long () { return 9L;}
|  ^--^
|  Error:
|  unreachable statement
|  int long () { return 9L;}
|                           ^

jshell> public void jog1() {}
|  created method jog1()

jshell> public void 2jog() {}
|  Error:
|  illegal start of expression
|  public void 2jog() {}
|         ^--^
|  Error:
|  ';' expected
|  public void 2jog() {}
|             ^
|  Error:
|  ';' expected
|  public void 2jog() {}
|                    ^
|  Error:
|  cannot find symbol
|    symbol:   method jog()
|  public void 2jog() {}
|               ^-^

jshell> public jog3 void () {}
|  Error:
|  ';' expected
|  public jog3 void () {}
|             ^
|  Error:
|  illegal start of expression
|  public jog3 void () {}
|              ^--^
|  Error:
|  ';' expected
|  public jog3 void () {}
|                  ^
|  Error:
|  cannot find symbol
|    symbol:   variable jog3
|  public jog3 void () {}
|         ^--^

jshell> public void Jog_$ () {}
|  created method Jog_$()

jshell> public void () {}
|  Error:
|  illegal start of expression
|  public void () {}
|         ^--^
|  Error:
|  ';' expected
|  public void () {}
|             ^

jshell> public void fly1() {}
|  created method fly1()

jshell> public void fly2 {}
|  Error:
|  '(' expected
|  public void fly2 {}
|  ^---------------^

jshell> public void fly3 (int a) {}
|  created method fly3(int)

jshell> publiv boif fly4 (int a; int b) {}
|  Error:
|  ';' expected
|  publiv boif fly4 (int a; int b) {}
|             ^

jshell> public void fly4 (int a; int b) {}
|  Error:
|  ',', ')', or '[' expected
|  public void fly4 (int a; int b) {}
|                         ^

jshell> public void fly5(int a, int b) {}
|  created method fly5(int,int)

jshell> public void zeroExceptions () {}
|  created method zeroExceptions()

jshell> public void oneException () throws IllegalArgumentException {}
|  created method oneException()

jshell> public void twoExceptions () throws IllegalArgumentException, InterruptedException {}
|  created method twoExceptions()

jshell> public void jump1() {}
|  created method jump1()

jshell> public void jump2;
|  Error:
|  '(' expected
|  public void jump2;
|  ^---------------^

jshell> public void jump3 (int a) {int name = 5;}
|  created method jump3(int)

jshell> public void bark1(int ... nums) {}
|  created method bark1(int ...)

jshell> public void bark2 (int start, int ... nums) {}
|  created method bark2(int,int ...)

jshell> public void bark3 (int ... nums, int start) {}
|  Error:
|  varargs parameter must be the last parameter
|  public void bark3 (int ... nums, int start) {}
|                     ^----------^

jshell> public void bark4 (int ... start, int ... nums) {}
|  Error:
|  varargs parameter must be the last parameter
|  public void bark4 (int ... start, int ... nums) {}
|                     ^-----------^

jshell> public static void walk(int start, int ... nums) {
   ...>     System.out.println(nums.length);
   ...> }
|  created method walk(int,int ...)

jshell> public static void main (String [] args) {
   ...>     walk(1);
   ...>     walk(1,2);
   ...> }
|  created method main(String [])

jshell> main
|  Error:
|  cannot find symbol
|    symbol:   variable main
|  main
|  ^--^

jshell> walk(1)
0

jshell> walk(1,2)
1

jshell> walk(1,2,3)
2

jshell> walk(1, new int [] {4,5})
2

jshell> walk(1,null)
|  Exception java.lang.NullPointerException: Cannot read the array length because "<parameter2>" is null
|        at walk (#25:2)
|        at (#31:1)

jshell> public static void hide(int ... nums) {System.out.println(nums[1]);}
|  created method hide(int ...)

jshell> hide(11,22)
22

jshell> hide(11,20,24)
20

jshell> public class Koala {
   ...>     public static int count = 0;
   ...>     public static void main (String [] args) {
   ...>         System.out.println(count);
   ...>     }
   ...> }
|  created class Koala

jshell> public class KoalaTester {
   ...>     public static void main (String [] args) {
   ...>         Koala.main(new String[0]);
   ...>     }
   ...> }
|  created class KoalaTester

jshell> javac koalaTester.java
|  Error:
|  ';' expected
|  javac koalaTester.java;
|                   ^

jshell> javac koalaTester.java;
|  Error:
|  ';' expected
|  javac koalaTester.java;
|                   ^

jshell> javac KoalaTester.java
|  Error:
|  ';' expected
|  javac KoalaTester.java;
|                   ^

jshell> javac KoalaTester.java;
|  Error:
|  ';' expected
|  javac KoalaTester.java;
|                   ^

jshell> KoalaTester
|  Error:
|  cannot find symbol
|    symbol:   variable KoalaTester
|  KoalaTester
|  ^---------^

jshell> System.out.println(Koala.count)
0

jshell> Koala.main(new String[0])
0

jshell> Koala k = new Koala()
k ==> Koala@ea30797

jshell> k.count
$40 ==> 0

jshell> k = null;
k ==> null

jshell> k.count
$42 ==> 0

jshell> Koala.count = 4
$43 ==> 4

jshell> Koala koala1 = new Koala()
koala1 ==> Koala@1b701da1

jshell> Koala koala2 = new Koala()
koala2 ==> Koala@442d9b6e

jshell> Koala1.count = 6
|  Error:
|  cannot find symbol
|    symbol:   variable Koala1
|  Koala1.count = 6
|  ^----^

jshell> koala1.count = 6
$46 ==> 6

jshell> koala1.count = 5
$47 ==> 5

jshell> koala2.count = 5
$48 ==> 5

jshell> koala1.count = 6
$49 ==> 6

jshell> Koala.count
$50 ==> 6

jshell> Koala.count = 4
$51 ==> 4

jshell> Koala
|  Error:
|  cannot find symbol
|    symbol:   variable Koala
|  Koala
|  ^---^

jshell> Koala koala1 = new Koala()
koala1 ==> Koala@7fbe847c

jshell> Koala koala2 = new Koala()
koala2 ==> Koala@41975e01

jshell> koala1.count = 6
$54 ==> 6

jshell> koala2.count = 5
$55 ==> 5

jshell> Koala.count
$56 ==> 5

jshell> koala1.count
$57 ==> 5

jshell> koala2.count
$58 ==> 5

jshell> koala.count
|  Error:
|  cannot find symbol
|    symbol:   variable koala
|  koala.count
|  ^---^

jshell> Koala.count
$59 ==> 5
